<TERRAIN_GENERATION>
create_terrain SNOW {
  base_terrain GRASS
  land_percent 50
  terrain_mask 2
}
