<PLAYER_SETUP>
guard_state MONUMENT AMOUNT_FOOD -5 6
