<OBJECTS_GENERATION>
create_object SCOUT {
  set_place_for_every_player
  max_distance_to_players 9
}
