<LAND_GENERATION>
create_land {
  terrain_type DESERT
  land_position 50 50
  land_percent 100
  left_border 40
  right_border 40
  top_border 40
  bottom_border 40
  border_fuzziness 2
}
