<LAND_GENERATION>
create_land {
  terrain_type ICE
  base_size 6
  number_of_tiles 0
}
