<PLAYER_SETUP>
effect_amount SET_ATTRIBUTE HOUSE ATTR_STORAGE_VALUE 10
effect_amount SET_ATTRIBUTE HOUSE_F ATTR_STORAGE_VALUE 15
effect_amount SET_ATTRIBUTE HOUSE_C ATTR_STORAGE_VALUE 20
effect_amount SET_ATTRIBUTE HOUSE_I ATTR_STORAGE_VALUE 25
