<LAND_GENERATION>
base_terrain WATER
create_player_lands {
  land_percent 100
  other_zone_avoidance_distance 10
}
<CONNECTION_GENERATION>
create_connect_all_players_land {
  default_terrain_replacement ROAD
  replace_terrain WATER SHALLOW
}
