<LAND_GENERATION>
create_player_lands {
  terrain_type DIRT
  land_percent 100
  left_border 60
}
