<OBJECTS_GENERATION>
create_object FISHING_SHIP {
  set_place_for_every_player
  ignore_terrain_restrictions
  terrain_to_place_on WATER
  find_closest
}
