<LAND_GENERATION>
create_player_lands {
  terrain_type DESERT
  land_percent 5
}
<CONNECTION_GENERATION>
create_connect_land_zones -6 -8 {
  default_terrain_replacement ROAD
}
