<CLIFF_GENERATION>
min_number_of_cliffs 9999
max_number_of_cliffs 9999
min_distance_cliffs 1
