<OBJECTS_GENERATION>
create_object SCOUT {
  set_place_for_every_player
  min_distance_to_players 7
}
