<LAND_GENERATION>
create_land {
  terrain_type DESERT
  land_percent 1
  min_placement_distance 25
}
create_land {
  terrain_type DESERT
  land_percent 1
  min_placement_distance 25
}
create_land {
  terrain_type DESERT
  land_percent 1
  min_placement_distance 25
}
