<LAND_GENERATION>
base_terrain WATER
create_player_lands {
  terrain_type GRASS
  land_percent 100
  other_zone_avoidance_distance 10
}
create_land {
  terrain_type DIRT
  land_percent 100
  land_position 50 50
  zone 1
  other_zone_avoidance_distance 10
}
